   1              		.syntax unified
   2              		.cpu cortex-m4
   3              		.fpu softvfp
   4              		.eabi_attribute 20, 1
   5              		.eabi_attribute 21, 1
   6              		.eabi_attribute 23, 3
   7              		.eabi_attribute 24, 1
   8              		.eabi_attribute 25, 1
   9              		.eabi_attribute 26, 1
  10              		.eabi_attribute 30, 2
  11              		.eabi_attribute 34, 1
  12              		.eabi_attribute 18, 4
  13              		.thumb
  14              		.syntax unified
  15              		.file	"DataStack.cpp"
  16              		.text
  17              	.Ltext0:
  18              		.cfi_sections	.debug_frame
  19              		.section	.text._ZN5forth9DataStack8instanceEv,"ax",%progbits
  20              		.align	2
  21              		.global	_ZN5forth9DataStack8instanceEv
  22              		.thumb
  23              		.thumb_func
  25              	_ZN5forth9DataStack8instanceEv:
  26              		.fnstart
  27              	.LFB9:
  28              		.file 1 "../src/DataStack.cpp"
   1:../src/DataStack.cpp **** /*
   2:../src/DataStack.cpp ****  * DataStack.cpp
   3:../src/DataStack.cpp ****  *
   4:../src/DataStack.cpp ****  *  Created on: Oct 30, 2016
   5:../src/DataStack.cpp ****  *      Author: Robert
   6:../src/DataStack.cpp ****  */
   7:../src/DataStack.cpp **** 
   8:../src/DataStack.cpp **** #include <DataStack.h>
   9:../src/DataStack.cpp **** 
  10:../src/DataStack.cpp **** namespace forth {
  11:../src/DataStack.cpp **** 
  12:../src/DataStack.cpp **** DataStack& DataStack::instance() {
  29              		.loc 1 12 0
  30              		.cfi_startproc
  31              		@ args = 0, pretend = 0, frame = 0
  32              		@ frame_needed = 0, uses_anonymous_args = 0
  33 0000 10B5     		push	{r4, lr}
  34              		.cfi_def_cfa_offset 8
  35              		.cfi_offset 4, -8
  36              		.cfi_offset 14, -4
  13:../src/DataStack.cpp ****   static DataStack instance;
  37              		.loc 1 13 0
  38 0002 094C     		ldr	r4, .L11
  39 0004 2368     		ldr	r3, [r4]
  40 0006 DB07     		lsls	r3, r3, #31
  41 0008 01D5     		bpl	.L10
  42              	.L3:
  14:../src/DataStack.cpp ****   return instance;
  15:../src/DataStack.cpp **** }
  43              		.loc 1 15 0
  44 000a 0848     		ldr	r0, .L11+4
  45 000c 10BD     		pop	{r4, pc}
  46              	.L10:
  13:../src/DataStack.cpp ****   static DataStack instance;
  47              		.loc 1 13 0 discriminator 1
  48 000e 2046     		mov	r0, r4
  49 0010 FFF7FEFF 		bl	__cxa_guard_acquire
  50              	.LVL0:
  51 0014 0028     		cmp	r0, #0
  52 0016 F8D0     		beq	.L3
  53              	.LVL1:
  54              	.LBB9:
  55              	.LBB10:
  56              	.LBB11:
  57              		.file 2 "F:\\kalkulyator-workspace-v2\\PixieForth\\src/DataStack.h"
   1:F:\kalkulyator-workspace-v2\PixieForth\src\DataStack.h **** /*
   2:F:\kalkulyator-workspace-v2\PixieForth\src\DataStack.h ****  * DataStack.h
   3:F:\kalkulyator-workspace-v2\PixieForth\src\DataStack.h ****  *
   4:F:\kalkulyator-workspace-v2\PixieForth\src\DataStack.h ****  *  Created on: Oct 30, 2016
   5:F:\kalkulyator-workspace-v2\PixieForth\src\DataStack.h ****  *      Author: Robert
   6:F:\kalkulyator-workspace-v2\PixieForth\src\DataStack.h ****  */
   7:F:\kalkulyator-workspace-v2\PixieForth\src\DataStack.h **** 
   8:F:\kalkulyator-workspace-v2\PixieForth\src\DataStack.h **** #ifndef SRC_DATASTACK_H_
   9:F:\kalkulyator-workspace-v2\PixieForth\src\DataStack.h **** #define SRC_DATASTACK_H_
  10:F:\kalkulyator-workspace-v2\PixieForth\src\DataStack.h **** 
  11:F:\kalkulyator-workspace-v2\PixieForth\src\DataStack.h **** #include <cstdint>
  12:F:\kalkulyator-workspace-v2\PixieForth\src\DataStack.h **** 
  13:F:\kalkulyator-workspace-v2\PixieForth\src\DataStack.h **** namespace forth {
  14:F:\kalkulyator-workspace-v2\PixieForth\src\DataStack.h **** 
  15:F:\kalkulyator-workspace-v2\PixieForth\src\DataStack.h **** class DataStack {
  16:F:\kalkulyator-workspace-v2\PixieForth\src\DataStack.h **** private:
  17:F:\kalkulyator-workspace-v2\PixieForth\src\DataStack.h ****     static constexpr int stack_size_ = 1024;
  18:F:\kalkulyator-workspace-v2\PixieForth\src\DataStack.h ****     static std::uint32_t *sp_;
  19:F:\kalkulyator-workspace-v2\PixieForth\src\DataStack.h ****     static std::uint32_t data_stack_[stack_size_];
  20:F:\kalkulyator-workspace-v2\PixieForth\src\DataStack.h **** 
  21:F:\kalkulyator-workspace-v2\PixieForth\src\DataStack.h ****     DataStack() { Reset(); }
  22:F:\kalkulyator-workspace-v2\PixieForth\src\DataStack.h **** 
  23:F:\kalkulyator-workspace-v2\PixieForth\src\DataStack.h **** public:
  24:F:\kalkulyator-workspace-v2\PixieForth\src\DataStack.h ****     static DataStack& instance();
  25:F:\kalkulyator-workspace-v2\PixieForth\src\DataStack.h **** 
  26:F:\kalkulyator-workspace-v2\PixieForth\src\DataStack.h ****     void Reset() { sp_ = data_stack_; }
  58              		.loc 2 26 0 discriminator 2
  59 0018 054B     		ldr	r3, .L11+8
  60 001a 064A     		ldr	r2, .L11+12
  61 001c 1A60     		str	r2, [r3]
  62              	.LVL2:
  63              	.LBE11:
  64              	.LBE10:
  65              	.LBE9:
  13:../src/DataStack.cpp ****   return instance;
  66              		.loc 1 13 0 discriminator 2
  67 001e 2046     		mov	r0, r4
  68 0020 FFF7FEFF 		bl	__cxa_guard_release
  69              	.LVL3:
  70              		.loc 1 15 0 discriminator 2
  71 0024 0148     		ldr	r0, .L11+4
  72 0026 10BD     		pop	{r4, pc}
  73              	.L12:
  74              		.align	2
  75              	.L11:
  76 0028 00000000 		.word	.LANCHOR0
  77 002c 00000000 		.word	.LANCHOR3
  78 0030 00000000 		.word	.LANCHOR1
  79 0034 00000000 		.word	.LANCHOR2
  80              		.cfi_endproc
  81              	.LFE9:
  82              		.cantunwind
  83              		.fnend
  85              		.global	_ZN5forth9DataStack11data_stack_E
  86              		.global	_ZN5forth9DataStack3sp_E
  87              		.section	.bss._ZZN5forth9DataStack8instanceEvE8instance,"aw",%nobits
  88              		.align	2
  89              		.set	.LANCHOR3,. + 0
  92              	_ZZN5forth9DataStack8instanceEvE8instance:
  93 0000 00       		.space	1
  94              		.section	.bss._ZGVZN5forth9DataStack8instanceEvE8instance,"aw",%nobits
  95              		.align	2
  96              		.set	.LANCHOR0,. + 0
  99              	_ZGVZN5forth9DataStack8instanceEvE8instance:
 100 0000 00000000 		.space	4
 101              		.section	.bss._ZN5forth9DataStack11data_stack_E,"aw",%nobits
 102              		.align	2
 103              		.set	.LANCHOR2,. + 0
 106              	_ZN5forth9DataStack11data_stack_E:
 107 0000 00000000 		.space	4096
 107      00000000 
 107      00000000 
 107      00000000 
 107      00000000 
 108              		.section	.bss._ZN5forth9DataStack3sp_E,"aw",%nobits
 109              		.align	2
 110              		.set	.LANCHOR1,. + 0
 113              	_ZN5forth9DataStack3sp_E:
 114 0000 00000000 		.space	4
 115              		.text
 116              	.Letext0:
 117              		.file 3 "c:\\program files (x86)\\gnu tools arm embedded\\5.4 2016q3\\arm-none-eabi\\include\\c++\
 118              		.file 4 "c:\\program files (x86)\\gnu tools arm embedded\\5.4 2016q3\\arm-none-eabi\\include\\c++\
 119              		.file 5 "c:\\program files (x86)\\gnu tools arm embedded\\5.4 2016q3\\arm-none-eabi\\include\\mach
 120              		.file 6 "c:\\program files (x86)\\gnu tools arm embedded\\5.4 2016q3\\arm-none-eabi\\include\\sys\
 121              		.file 7 "c:\\program files (x86)\\gnu tools arm embedded\\5.4 2016q3\\arm-none-eabi\\include\\stdi
 122              		.file 8 "<built-in>"
DEFINED SYMBOLS
                            *ABS*:00000000 DataStack.cpp
C:\Users\Robert\AppData\Local\Temp\ccFZkt1J.s:20     .text._ZN5forth9DataStack8instanceEv:00000000 $t
C:\Users\Robert\AppData\Local\Temp\ccFZkt1J.s:25     .text._ZN5forth9DataStack8instanceEv:00000000 _ZN5forth9DataStack8instanceEv
C:\Users\Robert\AppData\Local\Temp\ccFZkt1J.s:76     .text._ZN5forth9DataStack8instanceEv:00000028 $d
.ARM.exidx.text._ZN5forth9DataStack8instanceEv:00000000 $d
C:\Users\Robert\AppData\Local\Temp\ccFZkt1J.s:106    .bss._ZN5forth9DataStack11data_stack_E:00000000 _ZN5forth9DataStack11data_stack_E
C:\Users\Robert\AppData\Local\Temp\ccFZkt1J.s:113    .bss._ZN5forth9DataStack3sp_E:00000000 _ZN5forth9DataStack3sp_E
C:\Users\Robert\AppData\Local\Temp\ccFZkt1J.s:88     .bss._ZZN5forth9DataStack8instanceEvE8instance:00000000 $d
C:\Users\Robert\AppData\Local\Temp\ccFZkt1J.s:92     .bss._ZZN5forth9DataStack8instanceEvE8instance:00000000 _ZZN5forth9DataStack8instanceEvE8instance
C:\Users\Robert\AppData\Local\Temp\ccFZkt1J.s:95     .bss._ZGVZN5forth9DataStack8instanceEvE8instance:00000000 $d
C:\Users\Robert\AppData\Local\Temp\ccFZkt1J.s:99     .bss._ZGVZN5forth9DataStack8instanceEvE8instance:00000000 _ZGVZN5forth9DataStack8instanceEvE8instance
C:\Users\Robert\AppData\Local\Temp\ccFZkt1J.s:102    .bss._ZN5forth9DataStack11data_stack_E:00000000 $d
C:\Users\Robert\AppData\Local\Temp\ccFZkt1J.s:109    .bss._ZN5forth9DataStack3sp_E:00000000 $d
                     .debug_frame:00000010 $d

UNDEFINED SYMBOLS
__cxa_guard_acquire
__cxa_guard_release
